SQL> SET ECHO OFF
SQL> SET LINESIZE 200
SQL> SET WRAP OFF
SQL> 
SQL> DROP TABLE visit PURGE;

Error starting at line : 7 in command -
DROP TABLE visit PURGE
Error report -
ORA-00942: table or view does not exist
00942. 00000 -  "table or view does not exist"
*Cause:    
*Action:
SQL> DROP TABLE traveller PURGE;

Table TRAVELLER dropped.

SQL> DROP TABLE hotel PURGE;

Table HOTEL dropped.

SQL> 
SQL> 
SQL> PROMPT Done.
Done.
SQL> 
SQL> spool off
